2.0
test
<RTVal:{x:+2.0,y:+0.0}>
<RTVal:{x:+0.0,y:+2.0,z:+0.0}>
<RTVal:{r:+0.0,g:+0.0,b:+0.0,a:+1.0}>
<RTVal:{row0:{x:+2.0,y:+0.0,z:+0.0,t:+0.0},row1:{x:+0.0,y:+1.0,z:+0.0,t:+0.0},row2:{x:+0.0,y:+0.0,z:+1.0,t:+0.0},row3:{x:+0.0,y:+0.0,z:+0.0,t:+1.0}}>
<RTVal:{ori:{v:{x:+0.0,y:+0.0,z:+0.0},w:+1.0},tr:{x:-1.0,y:+0.0,z:+0.0},sc:{x:+1.0,y:+1.0,z:+1.0}}>
1
