[u'UInt8Var_1', u'UInt8Var_2', u'Float32_Var', u'PolygonMesh_Var']
[u'Float32_Var', u'PolygonMesh_Var']
[<RTVal:0>, <RTVal:0>, <RTVal:+0.0>]
