This is a comment on a Node
Empty comment added : True
This is a comment on a Node
Some backdrop comment

a very long comment
a veeeery long comment
a veeeeeeeeery long comment
a veeeeeeeeeeeeeeeery long comment
a veeeeeeeeeeeeeeeeeeeeeeeeery long comment
a veeeeeeeeeeeeeeeeeeeeeeeeeeeeeeeeeeeery long comment
a veeeeeeeeeeeeeeeeeeeeeeeeeeeeeeeeeeeeeeeeeeeeeeeeery long comment
a veeeeeeeeeeeeeeeeeeeeeeeeeeeeeeeeeeeeeeeeeeeeeeeeeeeeeeeeeeeeeeeery long comment
a veeeeeeeeeeeeeeeeeeeeeeeeeeeeeeeeeeeeeeeeeeeeeeeeeeeeeeeeeeeeeeeeeeeeeeeeeeeeeeeeery long comment
