Mul_1
DeformInPlace_1
EmptyDrawingHandle_1
DrawPolygonMesh_1
EmptyPolygonMesh_1
AddTorus_1
graph
