Number of Port before adding : 1
Port  exec
Number of Port after adding : 2
Port  exec
Port  IAmAVeryVeryVeryVeryVeryVeryVeryLongName
