Number of Port before adding : 1
Port  exec type 1
Number of Port after adding : 2
Port  exec type 1
Port  IAmAVeryVeryVeryVeryVeryVeryVeryLongName type 2
Number of Port after renaming : 2
Port  exec type 1
Port  shortName type 2
