Number of Port before adding : 1
Number of Port after adding : 2
