Number of Port before adding : 1
Port  exec type 1
Number of Port after adding : 2
Port  exec type 1
Port  inPort type 2
Number of Port after removing : 1
Port  exec type 1
