Current Port Name : outPort
New Port Name : outPort_New
