Current Port Name : inPort
New Port Name : inPort_New
