Current Port Name : ioPort
New Port Name : ioPort_New
