Add "graph" node
Ports in "graph" node: 2
Port  exec type 1
Port  inPort type 2
Expose "graph" inPort 5 times
Ports in main node: 6
Port  exec type 1
Port  inPort type 2
Port  inPort_2 type 2
Port  inPort_3 type 2
Port  inPort_4 type 2
Port  inPort_5 type 2
