Add "graph" node
Ports in "graph" node: 2
Port  exec type 1
Port  outPort type 0
Expose "graph" outPort 5 times
Ports in main node: 6
Port  exec type 1
Port  outPort type 0
Port  outPort_2 type 0
Port  outPort_3 type 0
Port  outPort_4 type 0
Port  outPort_5 type 0
