Number of Port before adding : 1
Port  exec type 1
Number of Port after adding : 3
Port  exec type 1
Port  firstPort type 2
Port  secondPort type 2
Number of Port after removing the first one : 2
Port  exec type 1
Port  secondPort type 2
Number of Port after undoing : 3
Port  exec type 1
Port  firstPort type 2
Port  secondPort type 2
