Before removing graphs
graph
graph_2
graph_3
After removing graphs
