Number of Port before adding : 1
Port  exec type 1
Number of Port after adding : 6
Port  exec type 1
Port  ioPort type 1
Port  firstOutPort type 0
Port  secondOutPort type 0
Port  firstInPort type 2
Port  secondInPort type 2
0|1|2|3|4|5 -> 0|2|1|3|4|5 Reordering : 
Port  exec type 1
Port  firstOutPort type 0
Port  ioPort type 1
Port  secondOutPort type 0
Port  firstInPort type 2
Port  secondInPort type 2
0|2|1|3|4|5 -> 0|1|3|4|5|2 Reordering : 
Port  exec type 1
Port  firstOutPort type 0
Port  secondOutPort type 0
Port  firstInPort type 2
Port  secondInPort type 2
Port  ioPort type 1
0|1|3|4|5|2 -> 0|5|1|2|3|4 Reordering : 
Port  exec type 1
Port  ioPort type 1
Port  firstOutPort type 0
Port  secondOutPort type 0
Port  firstInPort type 2
Port  secondInPort type 2
